Patient not found